// Jest Snapshot v1, https://goo.gl/fbAQLP

exports[`Dialog:: 打開預設Dialog時，可以設定以下參數：標題，內容，開啟Dialog後的回調，按鈕(包含顯示名稱及點擊後的處理回調) 呼叫showDialog成功後 Dialog::state的isOpened 1`] = `
<Dialog
  _relayout={[Function]}
>
  <div
    className="dialog"
  >
    <div
      className="dialog-backdrop"
    />
    <div
      className="dialog-box"
    >
      <div
        className="dialog-container"
      />
    </div>
  </div>
</Dialog>
`;
